Powered by Esri<br />Esri, Maxar, Earthstar Geographics, and the GIS User Community
