Powered by OpenStreetMap<br />Â©openstreetmap.org/copyright
