Powered by OpenAerialMap<br />Providers: Tanzania Open Data Initiative
